[    3691ms] [VERBOSE] Rendering was performed in a subtree hidden by content-visibility. @ https://elmayorista.store/cdn/wpm/bbf1e3d2ew26dbbaaapfd680b2dm57e27560m.js:0
[    3692ms] [VERBOSE] Rendering was performed in a subtree hidden by content-visibility. @ https://elmayorista.store/cdn/wpm/bbf1e3d2ew26dbbaaapfd680b2dm57e27560m.js:0
[    3692ms] [VERBOSE] Rendering was performed in a subtree hidden by content-visibility. @ https://elmayorista.store/cdn/wpm/bbf1e3d2ew26dbbaaapfd680b2dm57e27560m.js:0
[    3692ms] [VERBOSE] Rendering was performed in a subtree hidden by content-visibility. @ https://elmayorista.store/cdn/wpm/bbf1e3d2ew26dbbaaapfd680b2dm57e27560m.js:0
[    3692ms] [VERBOSE] Rendering was performed in a subtree hidden by content-visibility. @ https://elmayorista.store/cdn/wpm/bbf1e3d2ew26dbbaaapfd680b2dm57e27560m.js:0
[    3692ms] [VERBOSE] Rendering was performed in a subtree hidden by content-visibility. @ https://elmayorista.store/cdn/wpm/bbf1e3d2ew26dbbaaapfd680b2dm57e27560m.js:0
[    3692ms] [VERBOSE] Rendering was performed in a subtree hidden by content-visibility. @ https://elmayorista.store/cdn/wpm/bbf1e3d2ew26dbbaaapfd680b2dm57e27560m.js:0
[    3692ms] [VERBOSE] Rendering was performed in a subtree hidden by content-visibility. @ https://elmayorista.store/cdn/wpm/bbf1e3d2ew26dbbaaapfd680b2dm57e27560m.js:0
[    3692ms] [VERBOSE] Rendering was performed in a subtree hidden by content-visibility. @ https://elmayorista.store/cdn/wpm/bbf1e3d2ew26dbbaaapfd680b2dm57e27560m.js:0
[    3692ms] [VERBOSE] Rendering was performed in a subtree hidden by content-visibility. @ https://elmayorista.store/cdn/wpm/bbf1e3d2ew26dbbaaapfd680b2dm57e27560m.js:0
[    3692ms] [VERBOSE] Rendering was performed in a subtree hidden by content-visibility. @ https://elmayorista.store/cdn/wpm/bbf1e3d2ew26dbbaaapfd680b2dm57e27560m.js:0
[    3692ms] [VERBOSE] Rendering was performed in a subtree hidden by content-visibility. @ https://elmayorista.store/cdn/wpm/bbf1e3d2ew26dbbaaapfd680b2dm57e27560m.js:0
[    3714ms] [VERBOSE] Rendering was performed in a subtree hidden by content-visibility. @ https://elmayorista.store/cdn/wpm/bbf1e3d2ew26dbbaaapfd680b2dm57e27560m.js:0
[    3715ms] [VERBOSE] Rendering was performed in a subtree hidden by content-visibility. @ https://elmayorista.store/cdn/wpm/bbf1e3d2ew26dbbaaapfd680b2dm57e27560m.js:0
[    3715ms] [VERBOSE] Rendering was performed in a subtree hidden by content-visibility. @ https://elmayorista.store/cdn/wpm/bbf1e3d2ew26dbbaaapfd680b2dm57e27560m.js:0
[    3715ms] [VERBOSE] Rendering was performed in a subtree hidden by content-visibility. @ https://elmayorista.store/cdn/wpm/bbf1e3d2ew26dbbaaapfd680b2dm57e27560m.js:0
[    3715ms] [VERBOSE] Rendering was performed in a subtree hidden by content-visibility. @ https://elmayorista.store/cdn/wpm/bbf1e3d2ew26dbbaaapfd680b2dm57e27560m.js:0
[    3715ms] [VERBOSE] Rendering was performed in a subtree hidden by content-visibility. @ https://elmayorista.store/cdn/wpm/bbf1e3d2ew26dbbaaapfd680b2dm57e27560m.js:0
[    3715ms] [VERBOSE] Rendering was performed in a subtree hidden by content-visibility. @ https://elmayorista.store/cdn/wpm/bbf1e3d2ew26dbbaaapfd680b2dm57e27560m.js:0
[    3715ms] [VERBOSE] Rendering was performed in a subtree hidden by content-visibility. @ https://elmayorista.store/cdn/wpm/bbf1e3d2ew26dbbaaapfd680b2dm57e27560m.js:0
[    3715ms] [VERBOSE] Rendering was performed in a subtree hidden by content-visibility. @ https://elmayorista.store/cdn/wpm/bbf1e3d2ew26dbbaaapfd680b2dm57e27560m.js:0
[    3715ms] [VERBOSE] Rendering was performed in a subtree hidden by content-visibility. @ https://elmayorista.store/cdn/wpm/bbf1e3d2ew26dbbaaapfd680b2dm57e27560m.js:0
[    3715ms] [VERBOSE] Rendering was performed in a subtree hidden by content-visibility. @ https://elmayorista.store/cdn/wpm/bbf1e3d2ew26dbbaaapfd680b2dm57e27560m.js:0
[    3715ms] [VERBOSE] Rendering was performed in a subtree hidden by content-visibility. @ https://elmayorista.store/cdn/wpm/bbf1e3d2ew26dbbaaapfd680b2dm57e27560m.js:0
[    4731ms] [ERROR] Framing 'https://shop.app/' violates the following Content Security Policy directive: "frame-ancestors 'self' https://shop.app https://admin.shopify.com". The request has been blocked.
 @ :0
[    4737ms] [ERROR] Failed to load resource: the server responded with a status of 403 () @ chrome-error://chromewebdata/:0
[    4895ms] [VERBOSE] Rendering was performed in a subtree hidden by content-visibility. @ :3180
[    4895ms] [VERBOSE] Rendering was performed in a subtree hidden by content-visibility. @ :3180
[    4896ms] [VERBOSE] Rendering was performed in a subtree hidden by content-visibility. @ :3180
[    4896ms] [VERBOSE] Rendering was performed in a subtree hidden by content-visibility. @ :3180
[    4926ms] [VERBOSE] Rendering was performed in a subtree hidden by content-visibility. @ :3180
[    4926ms] [VERBOSE] Rendering was performed in a subtree hidden by content-visibility. @ :3180
[    4928ms] [VERBOSE] Rendering was performed in a subtree hidden by content-visibility. @ :3180
[    4928ms] [VERBOSE] Rendering was performed in a subtree hidden by content-visibility. @ :3180
[    4970ms] [VERBOSE] Rendering was performed in a subtree hidden by content-visibility. @ :3180
[    4971ms] [VERBOSE] Rendering was performed in a subtree hidden by content-visibility. @ :3180
[    4972ms] [VERBOSE] Rendering was performed in a subtree hidden by content-visibility. @ :3180
[    4973ms] [VERBOSE] Rendering was performed in a subtree hidden by content-visibility. @ :3180
[    5026ms] [ERROR] Failed to load resource: the server responded with a status of 403 () @ https://elmayorista.store/a/msba/api/config/read?clientId=decd7c47-eb69-40d8-b43e-9a81245be5e8&lang=es&countryCode=MX&currencyCode=MXN&clientInformation=%7B%22userAgentInformation%22%3A%7B%22schemaVersion%22%3A%221.0%22%2C%22deviceName%22%3A%22Macintosh%22%2C%22deviceVendor%22%3A%22Apple%22%2C%22deviceType%22%3A%22desktop%22%2C%22browserName%22%3A%22Chrome+Headless%22%2C%22browserVersion%22%3A%22149.0.0.0%22%2C%22osName%22%3A%22macOS%22%2C%22osVersion%22%3A%2210.15.7%22%2C%22engineName%22%3A%22Blink%22%2C%22engineVersion%22%3A%22149.0.0.0%22%2C%22device%22%3A%22%22%2C%22os%22%3A%22Mac+OS+10.15.7%22%2C%22browser%22%3A%22Chrome+Headless+149.0.0.0%22%2C%22engine%22%3A%22Blink+149.0.0.0%22%2C%22userAgent%22%3A%22Mozilla%2F5.0+%28Macintosh%3B+Intel+Mac+OS+X+10_15_7%29+AppleWebKit%2F537.36+%28KHTML%2C+like+Gecko%29+HeadlessChrome%2F149.0.0.0+Safari%2F537.36%22%7D%2C%22clarityInformation%22%3A%7B%22sessionId%22%3A%22eqjtao%22%2C%22userId%22%3A%22d1blr3%22%2C%22projectId%22%3A%22w7sc58orw3%22%7D%2C%22landingPageInformation%22%3A%7B%22pageUrl%22%3A%22https%3A%2F%2Felmayorista.store%2F%22%2C%22referrerUrl%22%3A%22%22%2C%22utmSource%22%3Anull%2C%22utmMedium%22%3Anull%2C%22utmCampaign%22%3Anull%7D%2C%22conversationId%22%3A%22%22%2C%22platform%22%3A%22Shopify%22%2C%22platformSessionId%22%3A%2272163d7c-bd5b-484f-b810-d07d59ece7a6%22%2C%22platformUserId%22%3A%2208c29dd1-859e-4bed-b1f8-03cf0a386771%22%7D:0
[    6052ms] [ERROR] Failed to load resource: the server responded with a status of 404 () @ https://elmayorista.store/wp-json/wc/store/v1/cart:0
[   11698ms] [VERBOSE] Rendering was performed in a subtree hidden by content-visibility. @ :3180
[   11698ms] [VERBOSE] Rendering was performed in a subtree hidden by content-visibility. @ :3180
[   11698ms] [VERBOSE] Rendering was performed in a subtree hidden by content-visibility. @ :3180
[   11699ms] [VERBOSE] Rendering was performed in a subtree hidden by content-visibility. @ :3180
[   11736ms] [VERBOSE] Rendering was performed in a subtree hidden by content-visibility. @ :3180
[   11736ms] [VERBOSE] Rendering was performed in a subtree hidden by content-visibility. @ :3180
[   11738ms] [VERBOSE] Rendering was performed in a subtree hidden by content-visibility. @ :3180
[   11738ms] [VERBOSE] Rendering was performed in a subtree hidden by content-visibility. @ :3180
[   11791ms] [VERBOSE] Rendering was performed in a subtree hidden by content-visibility. @ :3180
[   11791ms] [VERBOSE] Rendering was performed in a subtree hidden by content-visibility. @ :3180
[   11792ms] [VERBOSE] Rendering was performed in a subtree hidden by content-visibility. @ :3180
[   11792ms] [VERBOSE] Rendering was performed in a subtree hidden by content-visibility. @ :3180
[   12532ms] [VERBOSE] Rendering was performed in a subtree hidden by content-visibility. @ :3180
[   12533ms] [VERBOSE] Rendering was performed in a subtree hidden by content-visibility. @ :3180
[   12533ms] [VERBOSE] Rendering was performed in a subtree hidden by content-visibility. @ :3180
[   12533ms] [VERBOSE] Rendering was performed in a subtree hidden by content-visibility. @ :3180
[   12571ms] [VERBOSE] Rendering was performed in a subtree hidden by content-visibility. @ :3180
[   12571ms] [VERBOSE] Rendering was performed in a subtree hidden by content-visibility. @ :3180
[   12573ms] [VERBOSE] Rendering was performed in a subtree hidden by content-visibility. @ :3180
[   12573ms] [VERBOSE] Rendering was performed in a subtree hidden by content-visibility. @ :3180
[   12638ms] [VERBOSE] Rendering was performed in a subtree hidden by content-visibility. @ :3180
[   12638ms] [VERBOSE] Rendering was performed in a subtree hidden by content-visibility. @ :3180
[   12640ms] [VERBOSE] Rendering was performed in a subtree hidden by content-visibility. @ :3180
[   12640ms] [VERBOSE] Rendering was performed in a subtree hidden by content-visibility. @ :3180
[   17335ms] [WARNING] The resource https://elmayorista.store/cdn/shop/t/5/assets/overflow-list.css?v=16727044177065489451774890336 was preloaded using link preload in Early Hints but not used within a few seconds from the window's load event. @ https://elmayorista.store/:0
[   17336ms] [WARNING] The resource https://elmayorista.store/cdn/shop/t/5/assets/base.css?v=80415010869825589501774890336 was preloaded using link preload in Early Hints but not used within a few seconds from the window's load event. @ https://elmayorista.store/:0
[   32581ms] [VERBOSE] Rendering was performed in a subtree hidden by content-visibility. @ :3180
[   32581ms] [VERBOSE] Rendering was performed in a subtree hidden by content-visibility. @ :3180
[   32581ms] [VERBOSE] Rendering was performed in a subtree hidden by content-visibility. @ :3180
[   32581ms] [VERBOSE] Rendering was performed in a subtree hidden by content-visibility. @ :3180
[   32622ms] [VERBOSE] Rendering was performed in a subtree hidden by content-visibility. @ :3180
[   32622ms] [VERBOSE] Rendering was performed in a subtree hidden by content-visibility. @ :3180
[   32623ms] [VERBOSE] Rendering was performed in a subtree hidden by content-visibility. @ :3180
[   32623ms] [VERBOSE] Rendering was performed in a subtree hidden by content-visibility. @ :3180
[   32674ms] [VERBOSE] Rendering was performed in a subtree hidden by content-visibility. @ :3180
[   32674ms] [VERBOSE] Rendering was performed in a subtree hidden by content-visibility. @ :3180
[   32675ms] [VERBOSE] Rendering was performed in a subtree hidden by content-visibility. @ :3180
[   32676ms] [VERBOSE] Rendering was performed in a subtree hidden by content-visibility. @ :3180
[   34705ms] [INFO] [HotReload] CLI hot reload disabled - No hot reload port specified. @ https://elmayorista.store/cdn/shopifycloud/theme-hot-reload/theme-hot-reload.js:316
[   34918ms] [VERBOSE] Rendering was performed in a subtree hidden by content-visibility. @ https://elmayorista.store/cdn/wpm/bbf1e3d2ew26dbbaaapfd680b2dm57e27560m.js:0
[   34919ms] [VERBOSE] Rendering was performed in a subtree hidden by content-visibility. @ https://elmayorista.store/cdn/wpm/bbf1e3d2ew26dbbaaapfd680b2dm57e27560m.js:0
[   34919ms] [VERBOSE] Rendering was performed in a subtree hidden by content-visibility. @ https://elmayorista.store/cdn/wpm/bbf1e3d2ew26dbbaaapfd680b2dm57e27560m.js:0
[   34919ms] [VERBOSE] Rendering was performed in a subtree hidden by content-visibility. @ https://elmayorista.store/cdn/wpm/bbf1e3d2ew26dbbaaapfd680b2dm57e27560m.js:0
[   34919ms] [VERBOSE] Rendering was performed in a subtree hidden by content-visibility. @ https://elmayorista.store/cdn/wpm/bbf1e3d2ew26dbbaaapfd680b2dm57e27560m.js:0
[   34920ms] [VERBOSE] Rendering was performed in a subtree hidden by content-visibility. @ https://elmayorista.store/cdn/wpm/bbf1e3d2ew26dbbaaapfd680b2dm57e27560m.js:0
[   34920ms] [VERBOSE] Rendering was performed in a subtree hidden by content-visibility. @ https://elmayorista.store/cdn/wpm/bbf1e3d2ew26dbbaaapfd680b2dm57e27560m.js:0
[   34920ms] [VERBOSE] Rendering was performed in a subtree hidden by content-visibility. @ https://elmayorista.store/cdn/wpm/bbf1e3d2ew26dbbaaapfd680b2dm57e27560m.js:0
[   34920ms] [VERBOSE] Rendering was performed in a subtree hidden by content-visibility. @ https://elmayorista.store/cdn/wpm/bbf1e3d2ew26dbbaaapfd680b2dm57e27560m.js:0
[   34920ms] [VERBOSE] Rendering was performed in a subtree hidden by content-visibility. @ https://elmayorista.store/cdn/wpm/bbf1e3d2ew26dbbaaapfd680b2dm57e27560m.js:0
[   34920ms] [VERBOSE] Rendering was performed in a subtree hidden by content-visibility. @ https://elmayorista.store/cdn/wpm/bbf1e3d2ew26dbbaaapfd680b2dm57e27560m.js:0
[   34920ms] [VERBOSE] Rendering was performed in a subtree hidden by content-visibility. @ https://elmayorista.store/cdn/wpm/bbf1e3d2ew26dbbaaapfd680b2dm57e27560m.js:0
[   34921ms] [VERBOSE] Rendering was performed in a subtree hidden by content-visibility. @ https://elmayorista.store/cdn/wpm/bbf1e3d2ew26dbbaaapfd680b2dm57e27560m.js:0
[   34921ms] [VERBOSE] Rendering was performed in a subtree hidden by content-visibility. @ https://elmayorista.store/cdn/wpm/bbf1e3d2ew26dbbaaapfd680b2dm57e27560m.js:0
[   34921ms] [VERBOSE] Rendering was performed in a subtree hidden by content-visibility. @ https://elmayorista.store/cdn/wpm/bbf1e3d2ew26dbbaaapfd680b2dm57e27560m.js:0
[   34921ms] [VERBOSE] Rendering was performed in a subtree hidden by content-visibility. @ https://elmayorista.store/cdn/wpm/bbf1e3d2ew26dbbaaapfd680b2dm57e27560m.js:0
[   34921ms] [VERBOSE] Rendering was performed in a subtree hidden by content-visibility. @ https://elmayorista.store/cdn/wpm/bbf1e3d2ew26dbbaaapfd680b2dm57e27560m.js:0
[   34921ms] [VERBOSE] Rendering was performed in a subtree hidden by content-visibility. @ https://elmayorista.store/cdn/wpm/bbf1e3d2ew26dbbaaapfd680b2dm57e27560m.js:0
[   34921ms] [VERBOSE] Rendering was performed in a subtree hidden by content-visibility. @ https://elmayorista.store/cdn/wpm/bbf1e3d2ew26dbbaaapfd680b2dm57e27560m.js:0
[   34921ms] [VERBOSE] Rendering was performed in a subtree hidden by content-visibility. @ https://elmayorista.store/cdn/wpm/bbf1e3d2ew26dbbaaapfd680b2dm57e27560m.js:0
[   34921ms] [VERBOSE] Rendering was performed in a subtree hidden by content-visibility. @ https://elmayorista.store/cdn/wpm/bbf1e3d2ew26dbbaaapfd680b2dm57e27560m.js:0
[   34921ms] [VERBOSE] Rendering was performed in a subtree hidden by content-visibility. @ https://elmayorista.store/cdn/wpm/bbf1e3d2ew26dbbaaapfd680b2dm57e27560m.js:0
[   34921ms] [VERBOSE] Rendering was performed in a subtree hidden by content-visibility. @ https://elmayorista.store/cdn/wpm/bbf1e3d2ew26dbbaaapfd680b2dm57e27560m.js:0
[   34921ms] [VERBOSE] Rendering was performed in a subtree hidden by content-visibility. @ https://elmayorista.store/cdn/wpm/bbf1e3d2ew26dbbaaapfd680b2dm57e27560m.js:0
[   34942ms] [VERBOSE] Rendering was performed in a subtree hidden by content-visibility. @ https://elmayorista.store/cdn/wpm/bbf1e3d2ew26dbbaaapfd680b2dm57e27560m.js:0
[   34942ms] [VERBOSE] Rendering was performed in a subtree hidden by content-visibility. @ https://elmayorista.store/cdn/wpm/bbf1e3d2ew26dbbaaapfd680b2dm57e27560m.js:0
[   34942ms] [VERBOSE] Rendering was performed in a subtree hidden by content-visibility. @ https://elmayorista.store/cdn/wpm/bbf1e3d2ew26dbbaaapfd680b2dm57e27560m.js:0
[   34942ms] [VERBOSE] Rendering was performed in a subtree hidden by content-visibility. @ https://elmayorista.store/cdn/wpm/bbf1e3d2ew26dbbaaapfd680b2dm57e27560m.js:0
[   34942ms] [VERBOSE] Rendering was performed in a subtree hidden by content-visibility. @ https://elmayorista.store/cdn/wpm/bbf1e3d2ew26dbbaaapfd680b2dm57e27560m.js:0
[   34942ms] [VERBOSE] Rendering was performed in a subtree hidden by content-visibility. @ https://elmayorista.store/cdn/wpm/bbf1e3d2ew26dbbaaapfd680b2dm57e27560m.js:0
[   34942ms] [VERBOSE] Rendering was performed in a subtree hidden by content-visibility. @ https://elmayorista.store/cdn/wpm/bbf1e3d2ew26dbbaaapfd680b2dm57e27560m.js:0
[   34942ms] [VERBOSE] Rendering was performed in a subtree hidden by content-visibility. @ https://elmayorista.store/cdn/wpm/bbf1e3d2ew26dbbaaapfd680b2dm57e27560m.js:0
[   34942ms] [VERBOSE] Rendering was performed in a subtree hidden by content-visibility. @ https://elmayorista.store/cdn/wpm/bbf1e3d2ew26dbbaaapfd680b2dm57e27560m.js:0
[   34942ms] [VERBOSE] Rendering was performed in a subtree hidden by content-visibility. @ https://elmayorista.store/cdn/wpm/bbf1e3d2ew26dbbaaapfd680b2dm57e27560m.js:0
[   34943ms] [VERBOSE] Rendering was performed in a subtree hidden by content-visibility. @ https://elmayorista.store/cdn/wpm/bbf1e3d2ew26dbbaaapfd680b2dm57e27560m.js:0
[   34943ms] [VERBOSE] Rendering was performed in a subtree hidden by content-visibility. @ https://elmayorista.store/cdn/wpm/bbf1e3d2ew26dbbaaapfd680b2dm57e27560m.js:0
[   34943ms] [VERBOSE] Rendering was performed in a subtree hidden by content-visibility. @ https://elmayorista.store/cdn/wpm/bbf1e3d2ew26dbbaaapfd680b2dm57e27560m.js:0
[   34944ms] [VERBOSE] Rendering was performed in a subtree hidden by content-visibility. @ https://elmayorista.store/cdn/wpm/bbf1e3d2ew26dbbaaapfd680b2dm57e27560m.js:0
[   34944ms] [VERBOSE] Rendering was performed in a subtree hidden by content-visibility. @ https://elmayorista.store/cdn/wpm/bbf1e3d2ew26dbbaaapfd680b2dm57e27560m.js:0
[   34944ms] [VERBOSE] Rendering was performed in a subtree hidden by content-visibility. @ https://elmayorista.store/cdn/wpm/bbf1e3d2ew26dbbaaapfd680b2dm57e27560m.js:0
[   34944ms] [VERBOSE] Rendering was performed in a subtree hidden by content-visibility. @ https://elmayorista.store/cdn/wpm/bbf1e3d2ew26dbbaaapfd680b2dm57e27560m.js:0
[   34944ms] [VERBOSE] Rendering was performed in a subtree hidden by content-visibility. @ https://elmayorista.store/cdn/wpm/bbf1e3d2ew26dbbaaapfd680b2dm57e27560m.js:0
[   34944ms] [VERBOSE] Rendering was performed in a subtree hidden by content-visibility. @ https://elmayorista.store/cdn/wpm/bbf1e3d2ew26dbbaaapfd680b2dm57e27560m.js:0
[   34944ms] [VERBOSE] Rendering was performed in a subtree hidden by content-visibility. @ https://elmayorista.store/cdn/wpm/bbf1e3d2ew26dbbaaapfd680b2dm57e27560m.js:0
[   34944ms] [VERBOSE] Rendering was performed in a subtree hidden by content-visibility. @ https://elmayorista.store/cdn/wpm/bbf1e3d2ew26dbbaaapfd680b2dm57e27560m.js:0
[   34944ms] [VERBOSE] Rendering was performed in a subtree hidden by content-visibility. @ https://elmayorista.store/cdn/wpm/bbf1e3d2ew26dbbaaapfd680b2dm57e27560m.js:0
[   34944ms] [VERBOSE] Rendering was performed in a subtree hidden by content-visibility. @ https://elmayorista.store/cdn/wpm/bbf1e3d2ew26dbbaaapfd680b2dm57e27560m.js:0
[   34944ms] [VERBOSE] Rendering was performed in a subtree hidden by content-visibility. @ https://elmayorista.store/cdn/wpm/bbf1e3d2ew26dbbaaapfd680b2dm57e27560m.js:0
[   35281ms] [VERBOSE] Rendering was performed in a subtree hidden by content-visibility. @ :3180
[   35282ms] [VERBOSE] Rendering was performed in a subtree hidden by content-visibility. @ :3180
[   35283ms] [VERBOSE] Rendering was performed in a subtree hidden by content-visibility. @ :3180
[   35283ms] [VERBOSE] Rendering was performed in a subtree hidden by content-visibility. @ :3180
[   35345ms] [VERBOSE] Rendering was performed in a subtree hidden by content-visibility. @ :3180
[   35345ms] [VERBOSE] Rendering was performed in a subtree hidden by content-visibility. @ :3180
[   35347ms] [VERBOSE] Rendering was performed in a subtree hidden by content-visibility. @ :3180
[   35347ms] [VERBOSE] Rendering was performed in a subtree hidden by content-visibility. @ :3180
[   35415ms] [ERROR] Failed to load resource: the server responded with a status of 403 () @ https://elmayorista.store/a/msba/api/config/read?clientId=decd7c47-eb69-40d8-b43e-9a81245be5e8&lang=es&countryCode=MX&currencyCode=MXN&clientInformation=%7B%22userAgentInformation%22%3A%7B%22schemaVersion%22%3A%221.0%22%2C%22deviceName%22%3A%22Macintosh%22%2C%22deviceVendor%22%3A%22Apple%22%2C%22deviceType%22%3A%22desktop%22%2C%22browserName%22%3A%22Chrome+Headless%22%2C%22browserVersion%22%3A%22149.0.0.0%22%2C%22osName%22%3A%22macOS%22%2C%22osVersion%22%3A%2210.15.7%22%2C%22engineName%22%3A%22Blink%22%2C%22engineVersion%22%3A%22149.0.0.0%22%2C%22device%22%3A%22%22%2C%22os%22%3A%22Mac+OS+10.15.7%22%2C%22browser%22%3A%22Chrome+Headless+149.0.0.0%22%2C%22engine%22%3A%22Blink+149.0.0.0%22%2C%22userAgent%22%3A%22Mozilla%2F5.0+%28Macintosh%3B+Intel+Mac+OS+X+10_15_7%29+AppleWebKit%2F537.36+%28KHTML%2C+like+Gecko%29+HeadlessChrome%2F149.0.0.0+Safari%2F537.36%22%7D%2C%22clarityInformation%22%3A%7B%22sessionId%22%3A%22eqjtao%22%2C%22userId%22%3A%22d1blr3%22%2C%22projectId%22%3A%22w7sc58orw3%22%7D%2C%22landingPageInformation%22%3A%7B%22pageUrl%22%3A%22https%3A%2F%2Felmayorista.store%2F%22%2C%22referrerUrl%22%3A%22%22%2C%22utmSource%22%3Anull%2C%22utmMedium%22%3Anull%2C%22utmCampaign%22%3Anull%7D%2C%22conversationId%22%3A%22%22%2C%22platform%22%3A%22Shopify%22%2C%22platformSessionId%22%3A%2272163d7c-bd5b-484f-b810-d07d59ece7a6%22%2C%22platformUserId%22%3A%2208c29dd1-859e-4bed-b1f8-03cf0a386771%22%7D:0
[   36318ms] [ERROR] Failed to load resource: the server responded with a status of 404 () @ https://elmayorista.store/wp-json/wc/store/v1/cart:0
[   42655ms] [VERBOSE] Rendering was performed in a subtree hidden by content-visibility. @ :3180
[   42655ms] [VERBOSE] Rendering was performed in a subtree hidden by content-visibility. @ :3180
[   42656ms] [VERBOSE] Rendering was performed in a subtree hidden by content-visibility. @ :3180
[   42656ms] [VERBOSE] Rendering was performed in a subtree hidden by content-visibility. @ :3180
[   42702ms] [VERBOSE] Rendering was performed in a subtree hidden by content-visibility. @ :3180
[   42702ms] [VERBOSE] Rendering was performed in a subtree hidden by content-visibility. @ :3180
[   42703ms] [VERBOSE] Rendering was performed in a subtree hidden by content-visibility. @ :3180
[   42703ms] [VERBOSE] Rendering was performed in a subtree hidden by content-visibility. @ :3180
